// Jest Snapshot v1, https://goo.gl/fbAQLP

exports[`ItemChevron When it is rendered 1`] = `
<View
  style={{}}
>
  <Text />
</View>
`;
