// Jest Snapshot v1, https://goo.gl/fbAQLP

exports[`ButtonRoot When there is button title. 1`] = `
<View
  accessibilityState={
    {
      "busy": undefined,
      "checked": undefined,
      "disabled": undefined,
      "expanded": undefined,
      "selected": undefined,
    }
  }
  accessibilityValue={
    {
      "max": undefined,
      "min": undefined,
      "now": undefined,
      "text": undefined,
    }
  }
  accessible={true}
  collapsable={false}
  focusable={false}
  onClick={[Function]}
  onResponderGrant={[Function]}
  onResponderMove={[Function]}
  onResponderRelease={[Function]}
  onResponderTerminate={[Function]}
  onResponderTerminationRequest={[Function]}
  onStartShouldSetResponder={[Function]}
  style={
    {
      "alignItems": "center",
      "backgroundColor": "silver",
      "borderRadius": 8,
      "flexDirection": "row",
      "height": 42,
      "justifyContent": "center",
      "opacity": 1,
      "padding": 6,
    }
  }
>
  <Text
    style={
      {
        "alignSelf": "center",
        "fontSize": 18,
      }
    }
  >
    Title
  </Text>
</View>
`;
