// Jest Snapshot v1, https://goo.gl/fbAQLP

exports[`ButtonTitle When there is text. 1`] = `
<Text
  style={
    {
      "alignSelf": "center",
      "fontSize": 18,
    }
  }
>
  Title
</Text>
`;
